npm verbose cli C:\Program Files\nodejs\node.exe C:\Program Files\nodejs\node_modules\npm\bin\npm-cli.js
npm info using npm@11.16.0
npm info using node@v24.18.0
npm verbose title npm install @supabase/supabase-js
npm verbose argv "install" "@supabase/supabase-js" "--save" "--loglevel" "verbose"
npm verbose logfile logs-max:10 dir:C:\Users\kapla\AppData\Local\npm-cache\_logs\2026-07-28T21_28_39_574Z-
npm verbose logfile C:\Users\kapla\AppData\Local\npm-cache\_logs\2026-07-28T21_28_39_574Z-debug-0.log
npm http cache https://registry.npmjs.org/@supabase%2fsupabase-js 66ms (cache hit)
npm http cache https://registry.npmjs.org/@emnapi%2fcore 5ms (cache hit)
npm http cache https://registry.npmjs.org/@emnapi%2fruntime 5ms (cache hit)
npm warn ERESOLVE overriding peer dependency
npm warn While resolving: @napi-rs/wasm-runtime@1.2.0
npm warn Found: @emnapi/core@1.10.0
npm warn node_modules/@emnapi/core
npm warn   @emnapi/core@"1.10.0" from @unrs/resolver-binding-wasm32-wasi@1.12.2
npm warn   node_modules/@unrs/resolver-binding-wasm32-wasi
npm warn     optional @unrs/resolver-binding-wasm32-wasi@"1.12.2" from unrs-resolver@1.12.2
npm warn     node_modules/unrs-resolver
npm warn
npm warn Could not resolve dependency:
npm warn peer @emnapi/core@"^2.0.0-alpha.3" from @napi-rs/wasm-runtime@1.2.0
npm warn node_modules/@unrs/resolver-binding-wasm32-wasi/node_modules/@napi-rs/wasm-runtime
npm warn   @napi-rs/wasm-runtime@"^1.1.4" from @unrs/resolver-binding-wasm32-wasi@1.12.2
npm warn   node_modules/@unrs/resolver-binding-wasm32-wasi
npm warn
npm warn Conflicting peer dependency: @emnapi/core@2.0.0-alpha.3
npm warn node_modules/@emnapi/core
npm warn   peer @emnapi/core@"^2.0.0-alpha.3" from @napi-rs/wasm-runtime@1.2.0
npm warn   node_modules/@unrs/resolver-binding-wasm32-wasi/node_modules/@napi-rs/wasm-runtime
npm warn     @napi-rs/wasm-runtime@"^1.1.4" from @unrs/resolver-binding-wasm32-wasi@1.12.2
npm warn     node_modules/@unrs/resolver-binding-wasm32-wasi
npm warn ERESOLVE overriding peer dependency
npm warn While resolving: @napi-rs/wasm-runtime@1.2.0
npm warn Found: @emnapi/runtime@1.10.0
npm warn node_modules/@unrs/resolver-binding-wasm32-wasi/node_modules/@emnapi/runtime
npm warn   @emnapi/runtime@"1.10.0" from @unrs/resolver-binding-wasm32-wasi@1.12.2
npm warn   node_modules/@unrs/resolver-binding-wasm32-wasi
npm warn     optional @unrs/resolver-binding-wasm32-wasi@"1.12.2" from unrs-resolver@1.12.2
npm warn     node_modules/unrs-resolver
npm warn
npm warn Could not resolve dependency:
npm warn peer @emnapi/runtime@"^2.0.0-alpha.3" from @napi-rs/wasm-runtime@1.2.0
npm warn node_modules/@unrs/resolver-binding-wasm32-wasi/node_modules/@napi-rs/wasm-runtime
npm warn   @napi-rs/wasm-runtime@"^1.1.4" from @unrs/resolver-binding-wasm32-wasi@1.12.2
npm warn   node_modules/@unrs/resolver-binding-wasm32-wasi
npm warn
npm warn Conflicting peer dependency: @emnapi/runtime@2.0.0-alpha.3
npm warn node_modules/@emnapi/runtime
npm warn   peer @emnapi/runtime@"^2.0.0-alpha.3" from @napi-rs/wasm-runtime@1.2.0
npm warn   node_modules/@unrs/resolver-binding-wasm32-wasi/node_modules/@napi-rs/wasm-runtime
npm warn     @napi-rs/wasm-runtime@"^1.1.4" from @unrs/resolver-binding-wasm32-wasi@1.12.2
npm warn     node_modules/@unrs/resolver-binding-wasm32-wasi
npm http fetch POST 200 https://registry.npmjs.org/-/npm/v1/security/advisories/bulk 598ms
npm http cache https://registry.npmjs.org/brace-expansion 9ms (cache hit)
npm http cache https://registry.npmjs.org/postcss 10ms (cache hit)
npm http cache https://registry.npmjs.org/sharp 15ms (cache hit)
npm http cache https://registry.npmjs.org/minimatch 6ms (cache hit)
npm http cache https://registry.npmjs.org/next 38ms (cache hit)
npm http cache https://registry.npmjs.org/@eslint%2feslintrc 14ms (cache hit)
npm http cache https://registry.npmjs.org/@eslint%2fconfig-array 16ms (cache hit)
npm http cache https://registry.npmjs.org/eslint 24ms (cache hit)
npm http cache https://registry.npmjs.org/eslint-plugin-import 31ms (cache hit)
npm http cache https://registry.npmjs.org/eslint-plugin-jsx-a11y 33ms (cache hit)
npm http cache https://registry.npmjs.org/eslint-plugin-react 33ms (cache hit)
npm http cache https://registry.npmjs.org/@eslint-community%2feslint-utils 29ms (cache hit)
npm http cache https://registry.npmjs.org/@typescript-eslint%2futils 37ms (cache hit)
npm http cache https://registry.npmjs.org/@typescript-eslint%2ftype-utils 83ms (cache hit)
npm http cache https://registry.npmjs.org/@typescript-eslint%2feslint-plugin 127ms (cache hit)
npm http cache https://registry.npmjs.org/@typescript-eslint%2fparser 214ms (cache hit)
npm http cache https://registry.npmjs.org/eslint-import-resolver-typescript 284ms (cache hit)
npm http cache https://registry.npmjs.org/eslint-config-next 289ms (cache hit)
npm http cache https://registry.npmjs.org/eslint-plugin-react-hooks 323ms (cache hit)
npm http cache https://registry.npmjs.org/typescript-eslint 356ms (cache hit)

up to date, audited 365 packages in 3s

145 packages are looking for funding
  run `npm fund` for details

12 high severity vulnerabilities

To address issues that do not require attention, run:
  npm audit fix

To address all issues (including breaking changes), run:
  npm audit fix --force

Run `npm audit` for details.
npm warn allow-scripts 2 packages have install scripts not yet covered by allowScripts:
npm warn allow-scripts   sharp@0.34.5 (install: (install scripts present))
npm warn allow-scripts   unrs-resolver@1.12.2 (install: (install scripts present))
npm warn allow-scripts
npm warn allow-scripts Run `npm approve-scripts --allow-scripts-pending` to review, or `npm approve-scripts <pkg>` to allow.
npm verbose cwd C:\Users\kapla\nfc-taki-projesi
npm verbose os Windows_NT 10.0.26200
npm verbose node v24.18.0
npm verbose npm  v11.16.0
npm verbose exit 0
npm info ok
